The system is: Linux - 6.6.87.2-microsoft-standard-WSL2 - x86_64
Compiling the CXX compiler identification source file "CMakeCXXCompilerId.cpp" succeeded.
Compiler: /usr/bin/clang++-19 
Build flags: -stdlib=libc++
Id flags:  

The output was:
0


Compilation of the CXX compiler identification source "CMakeCXXCompilerId.cpp" produced "a.out"

The CXX compiler identification is Clang, found in "/home/nikaoh/workspace/github.com/oakinh/personal/cpp/veq-engine/build/libcxx/CMakeFiles/3.22.1/CompilerIdCXX/a.out"

Detecting CXX compiler ABI info compiled with the following output:
Change Dir: /home/nikaoh/workspace/github.com/oakinh/personal/cpp/veq-engine/build/libcxx/CMakeFiles/CMakeTmp

Run Build Command(s):/usr/bin/ninja cmTC_ecd01 && [1/2] Building CXX object CMakeFiles/cmTC_ecd01.dir/CMakeCXXCompilerABI.cpp.o
Ubuntu clang version 19.1.7 (++20250114103320+cd708029e0b2-1~exp1~20250114103432.75)
Target: x86_64-pc-linux-gnu
Thread model: posix
InstalledDir: /usr/lib/llvm-19/bin
Found candidate GCC installation: /usr/lib/gcc/x86_64-linux-gnu/11
Found candidate GCC installation: /usr/lib/gcc/x86_64-linux-gnu/13
Selected GCC installation: /usr/lib/gcc/x86_64-linux-gnu/13
Candidate multilib: .;@m64
Selected multilib: .;@m64
 (in-process)
 "/usr/lib/llvm-19/bin/clang" -cc1 -triple x86_64-pc-linux-gnu -emit-obj -disable-free -clear-ast-before-backend -disable-llvm-verifier -discard-value-names -main-file-name CMakeCXXCompilerABI.cpp -mrelocation-model pic -pic-level 2 -pic-is-pie -mframe-pointer=all -fmath-errno -ffp-contract=on -fno-rounding-math -mconstructor-aliases -funwind-tables=2 -target-cpu x86-64 -tune-cpu generic -debugger-tuning=gdb -fdebug-compilation-dir=/home/nikaoh/workspace/github.com/oakinh/personal/cpp/veq-engine/build/libcxx/CMakeFiles/CMakeTmp -v -fcoverage-compilation-dir=/home/nikaoh/workspace/github.com/oakinh/personal/cpp/veq-engine/build/libcxx/CMakeFiles/CMakeTmp -resource-dir /usr/lib/llvm-19/lib/clang/19 -dependency-file CMakeFiles/cmTC_ecd01.dir/CMakeCXXCompilerABI.cpp.o.d -MT CMakeFiles/cmTC_ecd01.dir/CMakeCXXCompilerABI.cpp.o -sys-header-deps -internal-isystem /usr/lib/llvm-19/bin/../include/c++/v1 -internal-isystem /usr/lib/llvm-19/lib/clang/19/include -internal-isystem /usr/local/include -internal-isystem /usr/lib/gcc/x86_64-linux-gnu/13/../../../../x86_64-linux-gnu/include -internal-externc-isystem /usr/include/x86_64-linux-gnu -internal-externc-isystem /include -internal-externc-isystem /usr/include -std=c++2b -fdeprecated-macro -ferror-limit 19 -fgnuc-version=4.2.1 -fno-implicit-modules -fskip-odr-check-in-gmf -fcxx-exceptions -fexceptions -faddrsig -D__GCC_HAVE_DWARF2_CFI_ASM=1 -o CMakeFiles/cmTC_ecd01.dir/CMakeCXXCompilerABI.cpp.o -x c++ /usr/share/cmake-3.22/Modules/CMakeCXXCompilerABI.cpp
clang -cc1 version 19.1.7 based upon LLVM 19.1.7 default target x86_64-pc-linux-gnu
ignoring nonexistent directory "/usr/lib/gcc/x86_64-linux-gnu/13/../../../../x86_64-linux-gnu/include"
ignoring nonexistent directory "/include"
#include "..." search starts here:
#include <...> search starts here:
 /usr/lib/llvm-19/bin/../include/c++/v1
 /usr/lib/llvm-19/lib/clang/19/include
 /usr/local/include
 /usr/include/x86_64-linux-gnu
 /usr/include
End of search list.
[2/2] Linking CXX executable cmTC_ecd01
Ubuntu clang version 19.1.7 (++20250114103320+cd708029e0b2-1~exp1~20250114103432.75)
Target: x86_64-pc-linux-gnu
Thread model: posix
InstalledDir: /usr/lib/llvm-19/bin
Found candidate GCC installation: /usr/lib/gcc/x86_64-linux-gnu/11
Found candidate GCC installation: /usr/lib/gcc/x86_64-linux-gnu/13
Selected GCC installation: /usr/lib/gcc/x86_64-linux-gnu/13
Candidate multilib: .;@m64
Selected multilib: .;@m64
 "/usr/bin/ld" -z relro --hash-style=gnu --build-id --eh-frame-hdr -m elf_x86_64 -pie -dynamic-linker /lib64/ld-linux-x86-64.so.2 -o cmTC_ecd01 /lib/x86_64-linux-gnu/Scrt1.o /lib/x86_64-linux-gnu/crti.o /usr/lib/gcc/x86_64-linux-gnu/13/crtbeginS.o -L/usr/lib/gcc/x86_64-linux-gnu/13 -L/usr/lib/gcc/x86_64-linux-gnu/13/../../../../lib64 -L/lib/x86_64-linux-gnu -L/lib/../lib64 -L/usr/lib/x86_64-linux-gnu -L/usr/lib/../lib64 -L/usr/lib/llvm-19/bin/../lib -L/lib -L/usr/lib CMakeFiles/cmTC_ecd01.dir/CMakeCXXCompilerABI.cpp.o -lc++ -lm -lgcc_s -lgcc -lc -lgcc_s -lgcc /usr/lib/gcc/x86_64-linux-gnu/13/crtendS.o /lib/x86_64-linux-gnu/crtn.o



Parsed CXX implicit include dir info from above output: rv=done
  found start of include info
  found start of implicit include info
    add: [/usr/lib/llvm-19/bin/../include/c++/v1]
    add: [/usr/lib/llvm-19/lib/clang/19/include]
    add: [/usr/local/include]
    add: [/usr/include/x86_64-linux-gnu]
    add: [/usr/include]
  end of search list found
  collapse include dir [/usr/lib/llvm-19/bin/../include/c++/v1] ==> [/usr/lib/llvm-19/include/c++/v1]
  collapse include dir [/usr/lib/llvm-19/lib/clang/19/include] ==> [/usr/lib/llvm-19/lib/clang/19/include]
  collapse include dir [/usr/local/include] ==> [/usr/local/include]
  collapse include dir [/usr/include/x86_64-linux-gnu] ==> [/usr/include/x86_64-linux-gnu]
  collapse include dir [/usr/include] ==> [/usr/include]
  implicit include dirs: [/usr/lib/llvm-19/include/c++/v1;/usr/lib/llvm-19/lib/clang/19/include;/usr/local/include;/usr/include/x86_64-linux-gnu;/usr/include]


Parsed CXX implicit link information from above output:
  link line regex: [^( *|.*[/\])(ld\.lld-19|CMAKE_LINK_STARTFILE-NOTFOUND|([^/\]+-)?ld|collect2)[^/\]*( |$)]
  ignore line: [Change Dir: /home/nikaoh/workspace/github.com/oakinh/personal/cpp/veq-engine/build/libcxx/CMakeFiles/CMakeTmp]
  ignore line: []
  ignore line: [Run Build Command(s):/usr/bin/ninja cmTC_ecd01 && [1/2] Building CXX object CMakeFiles/cmTC_ecd01.dir/CMakeCXXCompilerABI.cpp.o]
  ignore line: [Ubuntu clang version 19.1.7 (++20250114103320+cd708029e0b2-1~exp1~20250114103432.75)]
  ignore line: [Target: x86_64-pc-linux-gnu]
  ignore line: [Thread model: posix]
  ignore line: [InstalledDir: /usr/lib/llvm-19/bin]
  ignore line: [Found candidate GCC installation: /usr/lib/gcc/x86_64-linux-gnu/11]
  ignore line: [Found candidate GCC installation: /usr/lib/gcc/x86_64-linux-gnu/13]
  ignore line: [Selected GCC installation: /usr/lib/gcc/x86_64-linux-gnu/13]
  ignore line: [Candidate multilib: .]
  ignore line: [@m64]
  ignore line: [Selected multilib: .]
  ignore line: [@m64]
  ignore line: [ (in-process)]
  ignore line: [ "/usr/lib/llvm-19/bin/clang" -cc1 -triple x86_64-pc-linux-gnu -emit-obj -disable-free -clear-ast-before-backend -disable-llvm-verifier -discard-value-names -main-file-name CMakeCXXCompilerABI.cpp -mrelocation-model pic -pic-level 2 -pic-is-pie -mframe-pointer=all -fmath-errno -ffp-contract=on -fno-rounding-math -mconstructor-aliases -funwind-tables=2 -target-cpu x86-64 -tune-cpu generic -debugger-tuning=gdb -fdebug-compilation-dir=/home/nikaoh/workspace/github.com/oakinh/personal/cpp/veq-engine/build/libcxx/CMakeFiles/CMakeTmp -v -fcoverage-compilation-dir=/home/nikaoh/workspace/github.com/oakinh/personal/cpp/veq-engine/build/libcxx/CMakeFiles/CMakeTmp -resource-dir /usr/lib/llvm-19/lib/clang/19 -dependency-file CMakeFiles/cmTC_ecd01.dir/CMakeCXXCompilerABI.cpp.o.d -MT CMakeFiles/cmTC_ecd01.dir/CMakeCXXCompilerABI.cpp.o -sys-header-deps -internal-isystem /usr/lib/llvm-19/bin/../include/c++/v1 -internal-isystem /usr/lib/llvm-19/lib/clang/19/include -internal-isystem /usr/local/include -internal-isystem /usr/lib/gcc/x86_64-linux-gnu/13/../../../../x86_64-linux-gnu/include -internal-externc-isystem /usr/include/x86_64-linux-gnu -internal-externc-isystem /include -internal-externc-isystem /usr/include -std=c++2b -fdeprecated-macro -ferror-limit 19 -fgnuc-version=4.2.1 -fno-implicit-modules -fskip-odr-check-in-gmf -fcxx-exceptions -fexceptions -faddrsig -D__GCC_HAVE_DWARF2_CFI_ASM=1 -o CMakeFiles/cmTC_ecd01.dir/CMakeCXXCompilerABI.cpp.o -x c++ /usr/share/cmake-3.22/Modules/CMakeCXXCompilerABI.cpp]
  ignore line: [clang -cc1 version 19.1.7 based upon LLVM 19.1.7 default target x86_64-pc-linux-gnu]
  ignore line: [ignoring nonexistent directory "/usr/lib/gcc/x86_64-linux-gnu/13/../../../../x86_64-linux-gnu/include"]
  ignore line: [ignoring nonexistent directory "/include"]
  ignore line: [#include "..." search starts here:]
  ignore line: [#include <...> search starts here:]
  ignore line: [ /usr/lib/llvm-19/bin/../include/c++/v1]
  ignore line: [ /usr/lib/llvm-19/lib/clang/19/include]
  ignore line: [ /usr/local/include]
  ignore line: [ /usr/include/x86_64-linux-gnu]
  ignore line: [ /usr/include]
  ignore line: [End of search list.]
  ignore line: [[2/2] Linking CXX executable cmTC_ecd01]
  ignore line: [Ubuntu clang version 19.1.7 (++20250114103320+cd708029e0b2-1~exp1~20250114103432.75)]
  ignore line: [Target: x86_64-pc-linux-gnu]
  ignore line: [Thread model: posix]
  ignore line: [InstalledDir: /usr/lib/llvm-19/bin]
  ignore line: [Found candidate GCC installation: /usr/lib/gcc/x86_64-linux-gnu/11]
  ignore line: [Found candidate GCC installation: /usr/lib/gcc/x86_64-linux-gnu/13]
  ignore line: [Selected GCC installation: /usr/lib/gcc/x86_64-linux-gnu/13]
  ignore line: [Candidate multilib: .]
  ignore line: [@m64]
  ignore line: [Selected multilib: .]
  ignore line: [@m64]
  link line: [ "/usr/bin/ld" -z relro --hash-style=gnu --build-id --eh-frame-hdr -m elf_x86_64 -pie -dynamic-linker /lib64/ld-linux-x86-64.so.2 -o cmTC_ecd01 /lib/x86_64-linux-gnu/Scrt1.o /lib/x86_64-linux-gnu/crti.o /usr/lib/gcc/x86_64-linux-gnu/13/crtbeginS.o -L/usr/lib/gcc/x86_64-linux-gnu/13 -L/usr/lib/gcc/x86_64-linux-gnu/13/../../../../lib64 -L/lib/x86_64-linux-gnu -L/lib/../lib64 -L/usr/lib/x86_64-linux-gnu -L/usr/lib/../lib64 -L/usr/lib/llvm-19/bin/../lib -L/lib -L/usr/lib CMakeFiles/cmTC_ecd01.dir/CMakeCXXCompilerABI.cpp.o -lc++ -lm -lgcc_s -lgcc -lc -lgcc_s -lgcc /usr/lib/gcc/x86_64-linux-gnu/13/crtendS.o /lib/x86_64-linux-gnu/crtn.o]
    arg [/usr/bin/ld] ==> ignore
    arg [-zrelro] ==> ignore
    arg [--hash-style=gnu] ==> ignore
    arg [--build-id] ==> ignore
    arg [--eh-frame-hdr] ==> ignore
    arg [-m] ==> ignore
    arg [elf_x86_64] ==> ignore
    arg [-pie] ==> ignore
    arg [-dynamic-linker] ==> ignore
    arg [/lib64/ld-linux-x86-64.so.2] ==> ignore
    arg [-o] ==> ignore
    arg [cmTC_ecd01] ==> ignore
    arg [/lib/x86_64-linux-gnu/Scrt1.o] ==> obj [/lib/x86_64-linux-gnu/Scrt1.o]
    arg [/lib/x86_64-linux-gnu/crti.o] ==> obj [/lib/x86_64-linux-gnu/crti.o]
    arg [/usr/lib/gcc/x86_64-linux-gnu/13/crtbeginS.o] ==> obj [/usr/lib/gcc/x86_64-linux-gnu/13/crtbeginS.o]
    arg [-L/usr/lib/gcc/x86_64-linux-gnu/13] ==> dir [/usr/lib/gcc/x86_64-linux-gnu/13]
    arg [-L/usr/lib/gcc/x86_64-linux-gnu/13/../../../../lib64] ==> dir [/usr/lib/gcc/x86_64-linux-gnu/13/../../../../lib64]
    arg [-L/lib/x86_64-linux-gnu] ==> dir [/lib/x86_64-linux-gnu]
    arg [-L/lib/../lib64] ==> dir [/lib/../lib64]
    arg [-L/usr/lib/x86_64-linux-gnu] ==> dir [/usr/lib/x86_64-linux-gnu]
    arg [-L/usr/lib/../lib64] ==> dir [/usr/lib/../lib64]
    arg [-L/usr/lib/llvm-19/bin/../lib] ==> dir [/usr/lib/llvm-19/bin/../lib]
    arg [-L/lib] ==> dir [/lib]
    arg [-L/usr/lib] ==> dir [/usr/lib]
    arg [CMakeFiles/cmTC_ecd01.dir/CMakeCXXCompilerABI.cpp.o] ==> ignore
    arg [-lc++] ==> lib [c++]
    arg [-lm] ==> lib [m]
    arg [-lgcc_s] ==> lib [gcc_s]
    arg [-lgcc] ==> lib [gcc]
    arg [-lc] ==> lib [c]
    arg [-lgcc_s] ==> lib [gcc_s]
    arg [-lgcc] ==> lib [gcc]
    arg [/usr/lib/gcc/x86_64-linux-gnu/13/crtendS.o] ==> obj [/usr/lib/gcc/x86_64-linux-gnu/13/crtendS.o]
    arg [/lib/x86_64-linux-gnu/crtn.o] ==> obj [/lib/x86_64-linux-gnu/crtn.o]
  collapse library dir [/usr/lib/gcc/x86_64-linux-gnu/13] ==> [/usr/lib/gcc/x86_64-linux-gnu/13]
  collapse library dir [/usr/lib/gcc/x86_64-linux-gnu/13/../../../../lib64] ==> [/usr/lib64]
  collapse library dir [/lib/x86_64-linux-gnu] ==> [/lib/x86_64-linux-gnu]
  collapse library dir [/lib/../lib64] ==> [/lib64]
  collapse library dir [/usr/lib/x86_64-linux-gnu] ==> [/usr/lib/x86_64-linux-gnu]
  collapse library dir [/usr/lib/../lib64] ==> [/usr/lib64]
  collapse library dir [/usr/lib/llvm-19/bin/../lib] ==> [/usr/lib/llvm-19/lib]
  collapse library dir [/lib] ==> [/lib]
  collapse library dir [/usr/lib] ==> [/usr/lib]
  implicit libs: [c++;m;gcc_s;gcc;c;gcc_s;gcc]
  implicit objs: [/lib/x86_64-linux-gnu/Scrt1.o;/lib/x86_64-linux-gnu/crti.o;/usr/lib/gcc/x86_64-linux-gnu/13/crtbeginS.o;/usr/lib/gcc/x86_64-linux-gnu/13/crtendS.o;/lib/x86_64-linux-gnu/crtn.o]
  implicit dirs: [/usr/lib/gcc/x86_64-linux-gnu/13;/usr/lib64;/lib/x86_64-linux-gnu;/lib64;/usr/lib/x86_64-linux-gnu;/usr/lib/llvm-19/lib;/lib;/usr/lib]
  implicit fwks: []


Compiling the C compiler identification source file "CMakeCCompilerId.c" succeeded.
Compiler: /usr/bin/clang-19 
Build flags: 
Id flags:  

The output was:
0


Compilation of the C compiler identification source "CMakeCCompilerId.c" produced "a.out"

The C compiler identification is Clang, found in "/home/nikaoh/workspace/github.com/oakinh/personal/cpp/veq-engine/build/libcxx/CMakeFiles/3.22.1/CompilerIdC/a.out"

Detecting C compiler ABI info compiled with the following output:
Change Dir: /home/nikaoh/workspace/github.com/oakinh/personal/cpp/veq-engine/build/libcxx/CMakeFiles/CMakeTmp

Run Build Command(s):/usr/bin/ninja cmTC_2b85f && [1/2] Building C object CMakeFiles/cmTC_2b85f.dir/CMakeCCompilerABI.c.o
Ubuntu clang version 19.1.7 (++20250114103320+cd708029e0b2-1~exp1~20250114103432.75)
Target: x86_64-pc-linux-gnu
Thread model: posix
InstalledDir: /usr/lib/llvm-19/bin
Found candidate GCC installation: /usr/lib/gcc/x86_64-linux-gnu/11
Found candidate GCC installation: /usr/lib/gcc/x86_64-linux-gnu/13
Selected GCC installation: /usr/lib/gcc/x86_64-linux-gnu/13
Candidate multilib: .;@m64
Selected multilib: .;@m64
 (in-process)
 "/usr/lib/llvm-19/bin/clang" -cc1 -triple x86_64-pc-linux-gnu -emit-obj -disable-free -clear-ast-before-backend -disable-llvm-verifier -discard-value-names -main-file-name CMakeCCompilerABI.c -mrelocation-model pic -pic-level 2 -pic-is-pie -mframe-pointer=all -fmath-errno -ffp-contract=on -fno-rounding-math -mconstructor-aliases -funwind-tables=2 -target-cpu x86-64 -tune-cpu generic -debugger-tuning=gdb -fdebug-compilation-dir=/home/nikaoh/workspace/github.com/oakinh/personal/cpp/veq-engine/build/libcxx/CMakeFiles/CMakeTmp -v -fcoverage-compilation-dir=/home/nikaoh/workspace/github.com/oakinh/personal/cpp/veq-engine/build/libcxx/CMakeFiles/CMakeTmp -resource-dir /usr/lib/llvm-19/lib/clang/19 -dependency-file CMakeFiles/cmTC_2b85f.dir/CMakeCCompilerABI.c.o.d -MT CMakeFiles/cmTC_2b85f.dir/CMakeCCompilerABI.c.o -sys-header-deps -internal-isystem /usr/lib/llvm-19/lib/clang/19/include -internal-isystem /usr/local/include -internal-isystem /usr/lib/gcc/x86_64-linux-gnu/13/../../../../x86_64-linux-gnu/include -internal-externc-isystem /usr/include/x86_64-linux-gnu -internal-externc-isystem /include -internal-externc-isystem /usr/include -ferror-limit 19 -fgnuc-version=4.2.1 -fskip-odr-check-in-gmf -faddrsig -D__GCC_HAVE_DWARF2_CFI_ASM=1 -o CMakeFiles/cmTC_2b85f.dir/CMakeCCompilerABI.c.o -x c /usr/share/cmake-3.22/Modules/CMakeCCompilerABI.c
clang -cc1 version 19.1.7 based upon LLVM 19.1.7 default target x86_64-pc-linux-gnu
ignoring nonexistent directory "/usr/lib/gcc/x86_64-linux-gnu/13/../../../../x86_64-linux-gnu/include"
ignoring nonexistent directory "/include"
#include "..." search starts here:
#include <...> search starts here:
 /usr/lib/llvm-19/lib/clang/19/include
 /usr/local/include
 /usr/include/x86_64-linux-gnu
 /usr/include
End of search list.
[2/2] Linking C executable cmTC_2b85f
Ubuntu clang version 19.1.7 (++20250114103320+cd708029e0b2-1~exp1~20250114103432.75)
Target: x86_64-pc-linux-gnu
Thread model: posix
InstalledDir: /usr/lib/llvm-19/bin
Found candidate GCC installation: /usr/lib/gcc/x86_64-linux-gnu/11
Found candidate GCC installation: /usr/lib/gcc/x86_64-linux-gnu/13
Selected GCC installation: /usr/lib/gcc/x86_64-linux-gnu/13
Candidate multilib: .;@m64
Selected multilib: .;@m64
 "/usr/bin/ld" -z relro --hash-style=gnu --build-id --eh-frame-hdr -m elf_x86_64 -pie -dynamic-linker /lib64/ld-linux-x86-64.so.2 -o cmTC_2b85f /lib/x86_64-linux-gnu/Scrt1.o /lib/x86_64-linux-gnu/crti.o /usr/lib/gcc/x86_64-linux-gnu/13/crtbeginS.o -L/usr/lib/gcc/x86_64-linux-gnu/13 -L/usr/lib/gcc/x86_64-linux-gnu/13/../../../../lib64 -L/lib/x86_64-linux-gnu -L/lib/../lib64 -L/usr/lib/x86_64-linux-gnu -L/usr/lib/../lib64 -L/usr/lib/llvm-19/bin/../lib -L/lib -L/usr/lib CMakeFiles/cmTC_2b85f.dir/CMakeCCompilerABI.c.o -lgcc --as-needed -lgcc_s --no-as-needed -lc -lgcc --as-needed -lgcc_s --no-as-needed /usr/lib/gcc/x86_64-linux-gnu/13/crtendS.o /lib/x86_64-linux-gnu/crtn.o



Parsed C implicit include dir info from above output: rv=done
  found start of include info
  found start of implicit include info
    add: [/usr/lib/llvm-19/lib/clang/19/include]
    add: [/usr/local/include]
    add: [/usr/include/x86_64-linux-gnu]
    add: [/usr/include]
  end of search list found
  collapse include dir [/usr/lib/llvm-19/lib/clang/19/include] ==> [/usr/lib/llvm-19/lib/clang/19/include]
  collapse include dir [/usr/local/include] ==> [/usr/local/include]
  collapse include dir [/usr/include/x86_64-linux-gnu] ==> [/usr/include/x86_64-linux-gnu]
  collapse include dir [/usr/include] ==> [/usr/include]
  implicit include dirs: [/usr/lib/llvm-19/lib/clang/19/include;/usr/local/include;/usr/include/x86_64-linux-gnu;/usr/include]


Parsed C implicit link information from above output:
  link line regex: [^( *|.*[/\])(ld\.lld-19|CMAKE_LINK_STARTFILE-NOTFOUND|([^/\]+-)?ld|collect2)[^/\]*( |$)]
  ignore line: [Change Dir: /home/nikaoh/workspace/github.com/oakinh/personal/cpp/veq-engine/build/libcxx/CMakeFiles/CMakeTmp]
  ignore line: []
  ignore line: [Run Build Command(s):/usr/bin/ninja cmTC_2b85f && [1/2] Building C object CMakeFiles/cmTC_2b85f.dir/CMakeCCompilerABI.c.o]
  ignore line: [Ubuntu clang version 19.1.7 (++20250114103320+cd708029e0b2-1~exp1~20250114103432.75)]
  ignore line: [Target: x86_64-pc-linux-gnu]
  ignore line: [Thread model: posix]
  ignore line: [InstalledDir: /usr/lib/llvm-19/bin]
  ignore line: [Found candidate GCC installation: /usr/lib/gcc/x86_64-linux-gnu/11]
  ignore line: [Found candidate GCC installation: /usr/lib/gcc/x86_64-linux-gnu/13]
  ignore line: [Selected GCC installation: /usr/lib/gcc/x86_64-linux-gnu/13]
  ignore line: [Candidate multilib: .]
  ignore line: [@m64]
  ignore line: [Selected multilib: .]
  ignore line: [@m64]
  ignore line: [ (in-process)]
  ignore line: [ "/usr/lib/llvm-19/bin/clang" -cc1 -triple x86_64-pc-linux-gnu -emit-obj -disable-free -clear-ast-before-backend -disable-llvm-verifier -discard-value-names -main-file-name CMakeCCompilerABI.c -mrelocation-model pic -pic-level 2 -pic-is-pie -mframe-pointer=all -fmath-errno -ffp-contract=on -fno-rounding-math -mconstructor-aliases -funwind-tables=2 -target-cpu x86-64 -tune-cpu generic -debugger-tuning=gdb -fdebug-compilation-dir=/home/nikaoh/workspace/github.com/oakinh/personal/cpp/veq-engine/build/libcxx/CMakeFiles/CMakeTmp -v -fcoverage-compilation-dir=/home/nikaoh/workspace/github.com/oakinh/personal/cpp/veq-engine/build/libcxx/CMakeFiles/CMakeTmp -resource-dir /usr/lib/llvm-19/lib/clang/19 -dependency-file CMakeFiles/cmTC_2b85f.dir/CMakeCCompilerABI.c.o.d -MT CMakeFiles/cmTC_2b85f.dir/CMakeCCompilerABI.c.o -sys-header-deps -internal-isystem /usr/lib/llvm-19/lib/clang/19/include -internal-isystem /usr/local/include -internal-isystem /usr/lib/gcc/x86_64-linux-gnu/13/../../../../x86_64-linux-gnu/include -internal-externc-isystem /usr/include/x86_64-linux-gnu -internal-externc-isystem /include -internal-externc-isystem /usr/include -ferror-limit 19 -fgnuc-version=4.2.1 -fskip-odr-check-in-gmf -faddrsig -D__GCC_HAVE_DWARF2_CFI_ASM=1 -o CMakeFiles/cmTC_2b85f.dir/CMakeCCompilerABI.c.o -x c /usr/share/cmake-3.22/Modules/CMakeCCompilerABI.c]
  ignore line: [clang -cc1 version 19.1.7 based upon LLVM 19.1.7 default target x86_64-pc-linux-gnu]
  ignore line: [ignoring nonexistent directory "/usr/lib/gcc/x86_64-linux-gnu/13/../../../../x86_64-linux-gnu/include"]
  ignore line: [ignoring nonexistent directory "/include"]
  ignore line: [#include "..." search starts here:]
  ignore line: [#include <...> search starts here:]
  ignore line: [ /usr/lib/llvm-19/lib/clang/19/include]
  ignore line: [ /usr/local/include]
  ignore line: [ /usr/include/x86_64-linux-gnu]
  ignore line: [ /usr/include]
  ignore line: [End of search list.]
  ignore line: [[2/2] Linking C executable cmTC_2b85f]
  ignore line: [Ubuntu clang version 19.1.7 (++20250114103320+cd708029e0b2-1~exp1~20250114103432.75)]
  ignore line: [Target: x86_64-pc-linux-gnu]
  ignore line: [Thread model: posix]
  ignore line: [InstalledDir: /usr/lib/llvm-19/bin]
  ignore line: [Found candidate GCC installation: /usr/lib/gcc/x86_64-linux-gnu/11]
  ignore line: [Found candidate GCC installation: /usr/lib/gcc/x86_64-linux-gnu/13]
  ignore line: [Selected GCC installation: /usr/lib/gcc/x86_64-linux-gnu/13]
  ignore line: [Candidate multilib: .]
  ignore line: [@m64]
  ignore line: [Selected multilib: .]
  ignore line: [@m64]
  link line: [ "/usr/bin/ld" -z relro --hash-style=gnu --build-id --eh-frame-hdr -m elf_x86_64 -pie -dynamic-linker /lib64/ld-linux-x86-64.so.2 -o cmTC_2b85f /lib/x86_64-linux-gnu/Scrt1.o /lib/x86_64-linux-gnu/crti.o /usr/lib/gcc/x86_64-linux-gnu/13/crtbeginS.o -L/usr/lib/gcc/x86_64-linux-gnu/13 -L/usr/lib/gcc/x86_64-linux-gnu/13/../../../../lib64 -L/lib/x86_64-linux-gnu -L/lib/../lib64 -L/usr/lib/x86_64-linux-gnu -L/usr/lib/../lib64 -L/usr/lib/llvm-19/bin/../lib -L/lib -L/usr/lib CMakeFiles/cmTC_2b85f.dir/CMakeCCompilerABI.c.o -lgcc --as-needed -lgcc_s --no-as-needed -lc -lgcc --as-needed -lgcc_s --no-as-needed /usr/lib/gcc/x86_64-linux-gnu/13/crtendS.o /lib/x86_64-linux-gnu/crtn.o]
    arg [/usr/bin/ld] ==> ignore
    arg [-zrelro] ==> ignore
    arg [--hash-style=gnu] ==> ignore
    arg [--build-id] ==> ignore
    arg [--eh-frame-hdr] ==> ignore
    arg [-m] ==> ignore
    arg [elf_x86_64] ==> ignore
    arg [-pie] ==> ignore
    arg [-dynamic-linker] ==> ignore
    arg [/lib64/ld-linux-x86-64.so.2] ==> ignore
    arg [-o] ==> ignore
    arg [cmTC_2b85f] ==> ignore
    arg [/lib/x86_64-linux-gnu/Scrt1.o] ==> obj [/lib/x86_64-linux-gnu/Scrt1.o]
    arg [/lib/x86_64-linux-gnu/crti.o] ==> obj [/lib/x86_64-linux-gnu/crti.o]
    arg [/usr/lib/gcc/x86_64-linux-gnu/13/crtbeginS.o] ==> obj [/usr/lib/gcc/x86_64-linux-gnu/13/crtbeginS.o]
    arg [-L/usr/lib/gcc/x86_64-linux-gnu/13] ==> dir [/usr/lib/gcc/x86_64-linux-gnu/13]
    arg [-L/usr/lib/gcc/x86_64-linux-gnu/13/../../../../lib64] ==> dir [/usr/lib/gcc/x86_64-linux-gnu/13/../../../../lib64]
    arg [-L/lib/x86_64-linux-gnu] ==> dir [/lib/x86_64-linux-gnu]
    arg [-L/lib/../lib64] ==> dir [/lib/../lib64]
    arg [-L/usr/lib/x86_64-linux-gnu] ==> dir [/usr/lib/x86_64-linux-gnu]
    arg [-L/usr/lib/../lib64] ==> dir [/usr/lib/../lib64]
    arg [-L/usr/lib/llvm-19/bin/../lib] ==> dir [/usr/lib/llvm-19/bin/../lib]
    arg [-L/lib] ==> dir [/lib]
    arg [-L/usr/lib] ==> dir [/usr/lib]
    arg [CMakeFiles/cmTC_2b85f.dir/CMakeCCompilerABI.c.o] ==> ignore
    arg [-lgcc] ==> lib [gcc]
    arg [--as-needed] ==> ignore
    arg [-lgcc_s] ==> lib [gcc_s]
    arg [--no-as-needed] ==> ignore
    arg [-lc] ==> lib [c]
    arg [-lgcc] ==> lib [gcc]
    arg [--as-needed] ==> ignore
    arg [-lgcc_s] ==> lib [gcc_s]
    arg [--no-as-needed] ==> ignore
    arg [/usr/lib/gcc/x86_64-linux-gnu/13/crtendS.o] ==> obj [/usr/lib/gcc/x86_64-linux-gnu/13/crtendS.o]
    arg [/lib/x86_64-linux-gnu/crtn.o] ==> obj [/lib/x86_64-linux-gnu/crtn.o]
  collapse library dir [/usr/lib/gcc/x86_64-linux-gnu/13] ==> [/usr/lib/gcc/x86_64-linux-gnu/13]
  collapse library dir [/usr/lib/gcc/x86_64-linux-gnu/13/../../../../lib64] ==> [/usr/lib64]
  collapse library dir [/lib/x86_64-linux-gnu] ==> [/lib/x86_64-linux-gnu]
  collapse library dir [/lib/../lib64] ==> [/lib64]
  collapse library dir [/usr/lib/x86_64-linux-gnu] ==> [/usr/lib/x86_64-linux-gnu]
  collapse library dir [/usr/lib/../lib64] ==> [/usr/lib64]
  collapse library dir [/usr/lib/llvm-19/bin/../lib] ==> [/usr/lib/llvm-19/lib]
  collapse library dir [/lib] ==> [/lib]
  collapse library dir [/usr/lib] ==> [/usr/lib]
  implicit libs: [gcc;gcc_s;c;gcc;gcc_s]
  implicit objs: [/lib/x86_64-linux-gnu/Scrt1.o;/lib/x86_64-linux-gnu/crti.o;/usr/lib/gcc/x86_64-linux-gnu/13/crtbeginS.o;/usr/lib/gcc/x86_64-linux-gnu/13/crtendS.o;/lib/x86_64-linux-gnu/crtn.o]
  implicit dirs: [/usr/lib/gcc/x86_64-linux-gnu/13;/usr/lib64;/lib/x86_64-linux-gnu;/lib64;/usr/lib/x86_64-linux-gnu;/usr/lib/llvm-19/lib;/lib;/usr/lib]
  implicit fwks: []


Determining if the include file pthread.h exists passed with the following output:
Change Dir: /home/nikaoh/workspace/github.com/oakinh/personal/cpp/veq-engine/build/libcxx/CMakeFiles/CMakeTmp

Run Build Command(s):/usr/bin/ninja cmTC_7e058 && [1/2] Building C object CMakeFiles/cmTC_7e058.dir/CheckIncludeFile.c.o
[2/2] Linking C executable cmTC_7e058



Performing C SOURCE FILE Test CMAKE_HAVE_LIBC_PTHREAD succeeded with the following output:
Change Dir: /home/nikaoh/workspace/github.com/oakinh/personal/cpp/veq-engine/build/libcxx/CMakeFiles/CMakeTmp

Run Build Command(s):/usr/bin/ninja cmTC_237eb && [1/2] Building C object CMakeFiles/cmTC_237eb.dir/src.c.o
[2/2] Linking C executable cmTC_237eb


Source file was:
#include <pthread.h>

static void* test_func(void* data)
{
  return data;
}

int main(void)
{
  pthread_t thread;
  pthread_create(&thread, NULL, test_func, NULL);
  pthread_detach(thread);
  pthread_cancel(thread);
  pthread_join(thread, NULL);
  pthread_atfork(NULL, NULL, NULL);
  pthread_exit(NULL);

  return 0;
}

Determining if the function shm_open exists in the rt passed with the following output:
Change Dir: /home/nikaoh/workspace/github.com/oakinh/personal/cpp/veq-engine/build/libcxx/CMakeFiles/CMakeTmp

Run Build Command(s):/usr/bin/ninja cmTC_b50ca && [1/2] Building CXX object CMakeFiles/cmTC_b50ca.dir/CheckFunctionExists.cxx.o
[2/2] Linking CXX executable cmTC_b50ca



Performing C++ SOURCE FILE Test HAVE_CXX_FLAG_WALL succeeded with the following output:
Change Dir: /home/nikaoh/workspace/github.com/oakinh/personal/cpp/veq-engine/build/libcxx/CMakeFiles/CMakeTmp

Run Build Command(s):/usr/bin/ninja cmTC_9ee90 && [1/2] Building CXX object CMakeFiles/cmTC_9ee90.dir/src.cxx.o
[2/2] Linking CXX executable cmTC_9ee90


Source file was:
int main() { return 0; }
Performing C++ SOURCE FILE Test HAVE_CXX_FLAG_WEXTRA succeeded with the following output:
Change Dir: /home/nikaoh/workspace/github.com/oakinh/personal/cpp/veq-engine/build/libcxx/CMakeFiles/CMakeTmp

Run Build Command(s):/usr/bin/ninja cmTC_e44bf && [1/2] Building CXX object CMakeFiles/cmTC_e44bf.dir/src.cxx.o
[2/2] Linking CXX executable cmTC_e44bf


Source file was:
int main() { return 0; }
Performing C++ SOURCE FILE Test HAVE_CXX_FLAG_WSHADOW succeeded with the following output:
Change Dir: /home/nikaoh/workspace/github.com/oakinh/personal/cpp/veq-engine/build/libcxx/CMakeFiles/CMakeTmp

Run Build Command(s):/usr/bin/ninja cmTC_f790c && [1/2] Building CXX object CMakeFiles/cmTC_f790c.dir/src.cxx.o
[2/2] Linking CXX executable cmTC_f790c


Source file was:
int main() { return 0; }
Performing C++ SOURCE FILE Test HAVE_CXX_FLAG_WFLOAT_EQUAL succeeded with the following output:
Change Dir: /home/nikaoh/workspace/github.com/oakinh/personal/cpp/veq-engine/build/libcxx/CMakeFiles/CMakeTmp

Run Build Command(s):/usr/bin/ninja cmTC_66509 && [1/2] Building CXX object CMakeFiles/cmTC_66509.dir/src.cxx.o
[2/2] Linking CXX executable cmTC_66509


Source file was:
int main() { return 0; }
Performing C++ SOURCE FILE Test HAVE_CXX_FLAG_WOLD_STYLE_CAST succeeded with the following output:
Change Dir: /home/nikaoh/workspace/github.com/oakinh/personal/cpp/veq-engine/build/libcxx/CMakeFiles/CMakeTmp

Run Build Command(s):/usr/bin/ninja cmTC_76d4a && [1/2] Building CXX object CMakeFiles/cmTC_76d4a.dir/src.cxx.o
[2/2] Linking CXX executable cmTC_76d4a


Source file was:
int main() { return 0; }
Performing C++ SOURCE FILE Test HAVE_CXX_FLAG_WERROR succeeded with the following output:
Change Dir: /home/nikaoh/workspace/github.com/oakinh/personal/cpp/veq-engine/build/libcxx/CMakeFiles/CMakeTmp

Run Build Command(s):/usr/bin/ninja cmTC_3fcf6 && [1/2] Building CXX object CMakeFiles/cmTC_3fcf6.dir/src.cxx.o
[2/2] Linking CXX executable cmTC_3fcf6


Source file was:
int main() { return 0; }
Performing C++ SOURCE FILE Test HAVE_CXX_FLAG_WSUGGEST_OVERRIDE succeeded with the following output:
Change Dir: /home/nikaoh/workspace/github.com/oakinh/personal/cpp/veq-engine/build/libcxx/CMakeFiles/CMakeTmp

Run Build Command(s):/usr/bin/ninja cmTC_b8c1f && [1/2] Building CXX object CMakeFiles/cmTC_b8c1f.dir/src.cxx.o
[2/2] Linking CXX executable cmTC_b8c1f


Source file was:
int main() { return 0; }
Performing C++ SOURCE FILE Test HAVE_CXX_FLAG_PEDANTIC succeeded with the following output:
Change Dir: /home/nikaoh/workspace/github.com/oakinh/personal/cpp/veq-engine/build/libcxx/CMakeFiles/CMakeTmp

Run Build Command(s):/usr/bin/ninja cmTC_52842 && [1/2] Building CXX object CMakeFiles/cmTC_52842.dir/src.cxx.o
[2/2] Linking CXX executable cmTC_52842


Source file was:
int main() { return 0; }
Performing C++ SOURCE FILE Test HAVE_CXX_FLAG_PEDANTIC_ERRORS succeeded with the following output:
Change Dir: /home/nikaoh/workspace/github.com/oakinh/personal/cpp/veq-engine/build/libcxx/CMakeFiles/CMakeTmp

Run Build Command(s):/usr/bin/ninja cmTC_befe3 && [1/2] Building CXX object CMakeFiles/cmTC_befe3.dir/src.cxx.o
[2/2] Linking CXX executable cmTC_befe3


Source file was:
int main() { return 0; }
Performing C++ SOURCE FILE Test HAVE_CXX_FLAG_WSHORTEN_64_TO_32 succeeded with the following output:
Change Dir: /home/nikaoh/workspace/github.com/oakinh/personal/cpp/veq-engine/build/libcxx/CMakeFiles/CMakeTmp

Run Build Command(s):/usr/bin/ninja cmTC_dad50 && [1/2] Building CXX object CMakeFiles/cmTC_dad50.dir/src.cxx.o
[2/2] Linking CXX executable cmTC_dad50


Source file was:
int main() { return 0; }
Performing C++ SOURCE FILE Test HAVE_CXX_FLAG_FSTRICT_ALIASING succeeded with the following output:
Change Dir: /home/nikaoh/workspace/github.com/oakinh/personal/cpp/veq-engine/build/libcxx/CMakeFiles/CMakeTmp

Run Build Command(s):/usr/bin/ninja cmTC_fb540 && [1/2] Building CXX object CMakeFiles/cmTC_fb540.dir/src.cxx.o
[2/2] Linking CXX executable cmTC_fb540


Source file was:
int main() { return 0; }
Performing C++ SOURCE FILE Test HAVE_CXX_FLAG_WNO_DEPRECATED_DECLARATIONS succeeded with the following output:
Change Dir: /home/nikaoh/workspace/github.com/oakinh/personal/cpp/veq-engine/build/libcxx/CMakeFiles/CMakeTmp

Run Build Command(s):/usr/bin/ninja cmTC_beb1d && [1/2] Building CXX object CMakeFiles/cmTC_beb1d.dir/src.cxx.o
[2/2] Linking CXX executable cmTC_beb1d


Source file was:
int main() { return 0; }
Performing C++ SOURCE FILE Test HAVE_CXX_FLAG_WNO_DEPRECATED succeeded with the following output:
Change Dir: /home/nikaoh/workspace/github.com/oakinh/personal/cpp/veq-engine/build/libcxx/CMakeFiles/CMakeTmp

Run Build Command(s):/usr/bin/ninja cmTC_1e2fe && [1/2] Building CXX object CMakeFiles/cmTC_1e2fe.dir/src.cxx.o
[2/2] Linking CXX executable cmTC_1e2fe


Source file was:
int main() { return 0; }
Performing C++ SOURCE FILE Test HAVE_CXX_FLAG_WSTRICT_ALIASING succeeded with the following output:
Change Dir: /home/nikaoh/workspace/github.com/oakinh/personal/cpp/veq-engine/build/libcxx/CMakeFiles/CMakeTmp

Run Build Command(s):/usr/bin/ninja cmTC_68122 && [1/2] Building CXX object CMakeFiles/cmTC_68122.dir/src.cxx.o
[2/2] Linking CXX executable cmTC_68122


Source file was:
int main() { return 0; }
Performing C++ SOURCE FILE Test HAVE_CXX_FLAG_WTHREAD_SAFETY succeeded with the following output:
Change Dir: /home/nikaoh/workspace/github.com/oakinh/personal/cpp/veq-engine/build/libcxx/CMakeFiles/CMakeTmp

Run Build Command(s):/usr/bin/ninja cmTC_e0109 && [1/2] Building CXX object CMakeFiles/cmTC_e0109.dir/src.cxx.o
[2/2] Linking CXX executable cmTC_e0109


Source file was:
int main() { return 0; }
Performing C++ SOURCE FILE Test HAVE_CXX_FLAG_COVERAGE succeeded with the following output:
Change Dir: /home/nikaoh/workspace/github.com/oakinh/personal/cpp/veq-engine/build/libcxx/CMakeFiles/CMakeTmp

Run Build Command(s):/usr/bin/ninja cmTC_a8c8c && [1/2] Building CXX object CMakeFiles/cmTC_a8c8c.dir/src.cxx.o
[2/2] Linking CXX executable cmTC_a8c8c


Source file was:
int main() { return 0; }
